Archive member included to satisfy reference by file (symbol)

d:/clion_stm32/stm32cude/gun-arm-embedded/bin/../lib/gcc/arm-none-eabi/10.3.1/thumb/v7e-m/nofp\libgcc.a(_aeabi_uldivmod.o)
                              CMakeFiles/TaskCreateAndDelete.elf.dir/Drivers/STM32G4xx_HAL_Driver/Src/stm32g4xx_hal_uart.c.obj (__aeabi_uldivmod)
d:/clion_stm32/stm32cude/gun-arm-embedded/bin/../lib/gcc/arm-none-eabi/10.3.1/thumb/v7e-m/nofp\libgcc.a(_udivmoddi4.o)
                              d:/clion_stm32/stm32cude/gun-arm-embedded/bin/../lib/gcc/arm-none-eabi/10.3.1/thumb/v7e-m/nofp\libgcc.a(_aeabi_uldivmod.o) (__udivmoddi4)
d:/clion_stm32/stm32cude/gun-arm-embedded/bin/../lib/gcc/arm-none-eabi/10.3.1/thumb/v7e-m/nofp\libgcc.a(_dvmd_tls.o)
                              d:/clion_stm32/stm32cude/gun-arm-embedded/bin/../lib/gcc/arm-none-eabi/10.3.1/thumb/v7e-m/nofp\libgcc.a(_aeabi_uldivmod.o) (__aeabi_ldiv0)
d:/clion_stm32/stm32cude/gun-arm-embedded/bin/../lib/gcc/arm-none-eabi/10.3.1/../../../../arm-none-eabi/lib/thumb/v7e-m/nofp\libg.a(lib_a-errno.o)
                              CMakeFiles/TaskCreateAndDelete.elf.dir/Core/Src/syscalls.c.obj (__errno)
d:/clion_stm32/stm32cude/gun-arm-embedded/bin/../lib/gcc/arm-none-eabi/10.3.1/../../../../arm-none-eabi/lib/thumb/v7e-m/nofp\libg.a(lib_a-exit.o)
                              d:/clion_stm32/stm32cude/gun-arm-embedded/bin/../lib/gcc/arm-none-eabi/10.3.1/../../../../arm-none-eabi/lib/thumb/v7e-m/nofp/crt0.o (exit)
d:/clion_stm32/stm32cude/gun-arm-embedded/bin/../lib/gcc/arm-none-eabi/10.3.1/../../../../arm-none-eabi/lib/thumb/v7e-m/nofp\libg.a(lib_a-impure.o)
                              d:/clion_stm32/stm32cude/gun-arm-embedded/bin/../lib/gcc/arm-none-eabi/10.3.1/../../../../arm-none-eabi/lib/thumb/v7e-m/nofp\libg.a(lib_a-exit.o) (_global_impure_ptr)
d:/clion_stm32/stm32cude/gun-arm-embedded/bin/../lib/gcc/arm-none-eabi/10.3.1/../../../../arm-none-eabi/lib/thumb/v7e-m/nofp\libg.a(lib_a-init.o)
                              d:/clion_stm32/stm32cude/gun-arm-embedded/bin/../lib/gcc/arm-none-eabi/10.3.1/../../../../arm-none-eabi/lib/thumb/v7e-m/nofp/crt0.o (__libc_init_array)
d:/clion_stm32/stm32cude/gun-arm-embedded/bin/../lib/gcc/arm-none-eabi/10.3.1/../../../../arm-none-eabi/lib/thumb/v7e-m/nofp\libg.a(lib_a-memset.o)
                              d:/clion_stm32/stm32cude/gun-arm-embedded/bin/../lib/gcc/arm-none-eabi/10.3.1/../../../../arm-none-eabi/lib/thumb/v7e-m/nofp/crt0.o (memset)
d:/clion_stm32/stm32cude/gun-arm-embedded/bin/../lib/gcc/arm-none-eabi/10.3.1/../../../../arm-none-eabi/lib/thumb/v7e-m/nofp\libg.a(lib_a-__call_atexit.o)
                              d:/clion_stm32/stm32cude/gun-arm-embedded/bin/../lib/gcc/arm-none-eabi/10.3.1/../../../../arm-none-eabi/lib/thumb/v7e-m/nofp\libg.a(lib_a-exit.o) (__call_exitprocs)
d:/clion_stm32/stm32cude/gun-arm-embedded/bin/../lib/gcc/arm-none-eabi/10.3.1/../../../../arm-none-eabi/lib/thumb/v7e-m/nofp\libg.a(lib_a-atexit.o)
                              d:/clion_stm32/stm32cude/gun-arm-embedded/bin/../lib/gcc/arm-none-eabi/10.3.1/../../../../arm-none-eabi/lib/thumb/v7e-m/nofp\libg.a(lib_a-__call_atexit.o) (atexit)
d:/clion_stm32/stm32cude/gun-arm-embedded/bin/../lib/gcc/arm-none-eabi/10.3.1/../../../../arm-none-eabi/lib/thumb/v7e-m/nofp\libg.a(lib_a-fini.o)
                              d:/clion_stm32/stm32cude/gun-arm-embedded/bin/../lib/gcc/arm-none-eabi/10.3.1/../../../../arm-none-eabi/lib/thumb/v7e-m/nofp\libg.a(lib_a-__call_atexit.o) (__libc_fini_array)
d:/clion_stm32/stm32cude/gun-arm-embedded/bin/../lib/gcc/arm-none-eabi/10.3.1/../../../../arm-none-eabi/lib/thumb/v7e-m/nofp\libg.a(lib_a-lock.o)
                              d:/clion_stm32/stm32cude/gun-arm-embedded/bin/../lib/gcc/arm-none-eabi/10.3.1/../../../../arm-none-eabi/lib/thumb/v7e-m/nofp\libg.a(lib_a-__call_atexit.o) (__retarget_lock_acquire_recursive)
d:/clion_stm32/stm32cude/gun-arm-embedded/bin/../lib/gcc/arm-none-eabi/10.3.1/../../../../arm-none-eabi/lib/thumb/v7e-m/nofp\libg.a(lib_a-__atexit.o)
                              d:/clion_stm32/stm32cude/gun-arm-embedded/bin/../lib/gcc/arm-none-eabi/10.3.1/../../../../arm-none-eabi/lib/thumb/v7e-m/nofp\libg.a(lib_a-atexit.o) (__register_exitproc)

Discarded input sections

 .text          0x00000000        0x0 d:/clion_stm32/stm32cude/gun-arm-embedded/bin/../lib/gcc/arm-none-eabi/10.3.1/thumb/v7e-m/nofp/crti.o
 .data          0x00000000        0x0 d:/clion_stm32/stm32cude/gun-arm-embedded/bin/../lib/gcc/arm-none-eabi/10.3.1/thumb/v7e-m/nofp/crti.o
 .bss           0x00000000        0x0 d:/clion_stm32/stm32cude/gun-arm-embedded/bin/../lib/gcc/arm-none-eabi/10.3.1/thumb/v7e-m/nofp/crti.o
 .data          0x00000000        0x4 d:/clion_stm32/stm32cude/gun-arm-embedded/bin/../lib/gcc/arm-none-eabi/10.3.1/thumb/v7e-m/nofp/crtbegin.o
 .rodata        0x00000000       0x24 d:/clion_stm32/stm32cude/gun-arm-embedded/bin/../lib/gcc/arm-none-eabi/10.3.1/thumb/v7e-m/nofp/crtbegin.o
[...]
Memory Configuration

Name             Origin             Length             Attributes
RAM              0x20000000         0x00020000         xrw
FLASH            0x08000000         0x00080000         xr
*default*        0x00000000         0xffffffff

Linker script and memory map

LOAD d:/clion_stm32/stm32cude/gun-arm-embedded/bin/../lib/gcc/arm-none-eabi/10.3.1/thumb/v7e-m/nofp/crti.o
LOAD d:/clion_stm32/stm32cude/gun-arm-embedded/bin/../lib/gcc/arm-none-eabi/10.3.1/thumb/v7e-m/nofp/crtbegin.o
LOAD d:/clion_stm32/stm32cude/gun-arm-embedded/bin/../lib/gcc/arm-none-eabi/10.3.1/../../../../arm-none-eabi/lib/thumb/v7e-m/nofp/crt0.o
LOAD CMakeFiles/TaskCreateAndDelete.elf.dir/Core/Src/gpio.c.obj
LOAD CMakeFiles/TaskCreateAndDelete.elf.dir/Core/Src/main.c.obj
LOAD CMakeFiles/TaskCreateAndDelete.elf.dir/Core/Src/stm32g4xx_hal_msp.c.obj
LOAD CMakeFiles/TaskCreateAndDelete.elf.dir/Core/Src/stm32g4xx_it.c.obj
LOAD CMakeFiles/TaskCreateAndDelete.elf.dir/Core/Src/syscalls.c.obj
LOAD CMakeFiles/TaskCreateAndDelete.elf.dir/Core/Src/sysmem.c.obj
LOAD CMakeFiles/TaskCreateAndDelete.elf.dir/Core/Src/system_stm32g4xx.c.obj
LOAD CMakeFiles/TaskCreateAndDelete.elf.dir/Core/Src/usart.c.obj
LOAD CMakeFiles/TaskCreateAndDelete.elf.dir/Core/Startup/startup_stm32g474retx.s.obj
LOAD CMakeFiles/TaskCreateAndDelete.elf.dir/Drivers/STM32G4xx_HAL_Driver/Src/stm32g4xx_hal.c.obj
LOAD CMakeFiles/TaskCreateAndDelete.elf.dir/Drivers/STM32G4xx_HAL_Driver/Src/stm32g4xx_hal_cortex.c.obj
LOAD CMakeFiles/TaskCreateAndDelete.elf.dir/Drivers/STM32G4xx_HAL_Driver/Src/stm32g4xx_hal_dma.c.obj
LOAD CMakeFiles/TaskCreateAndDelete.elf.dir/Drivers/STM32G4xx_HAL_Driver/Src/stm32g4xx_hal_dma_ex.c.obj
LOAD CMakeFiles/TaskCreateAndDelete.elf.dir/Drivers/STM32G4xx_HAL_Driver/Src/stm32g4xx_hal_exti.c.obj
LOAD CMakeFiles/TaskCreateAndDelete.elf.dir/Drivers/STM32G4xx_HAL_Driver/Src/stm32g4xx_hal_flash.c.obj
LOAD CMakeFiles/TaskCreateAndDelete.elf.dir/Drivers/STM32G4xx_HAL_Driver/Src/stm32g4xx_hal_flash_ex.c.obj
LOAD CMakeFiles/TaskCreateAndDelete.elf.dir/Drivers/STM32G4xx_HAL_Driver/Src/stm32g4xx_hal_flash_ramfunc.c.obj
LOAD CMakeFiles/TaskCreateAndDelete.elf.dir/Drivers/STM32G4xx_HAL_Driver/Src/stm32g4xx_hal_gpio.c.obj
LOAD CMakeFiles/TaskCreateAndDelete.elf.dir/Drivers/STM32G4xx_HAL_Driver/Src/stm32g4xx_hal_pwr.c.obj
LOAD CMakeFiles/TaskCreateAndDelete.elf.dir/Drivers/STM32G4xx_HAL_Driver/Src/stm32g4xx_hal_pwr_ex.c.obj
LOAD CMakeFiles/TaskCreateAndDelete.elf.dir/Drivers/STM32G4xx_HAL_Driver/Src/stm32g4xx_hal_rcc.c.obj
LOAD CMakeFiles/TaskCreateAndDelete.elf.dir/Drivers/STM32G4xx_HAL_Driver/Src/stm32g4xx_hal_rcc_ex.c.obj
LOAD CMakeFiles/TaskCreateAndDelete.elf.dir/Drivers/STM32G4xx_HAL_Driver/Src/stm32g4xx_hal_tim.c.obj
LOAD CMakeFiles/TaskCreateAndDelete.elf.dir/Drivers/STM32G4xx_HAL_Driver/Src/stm32g4xx_hal_tim_ex.c.obj
LOAD CMakeFiles/TaskCreateAndDelete.elf.dir/Drivers/STM32G4xx_HAL_Driver/Src/stm32g4xx_hal_uart.c.obj
LOAD CMakeFiles/TaskCreateAndDelete.elf.dir/Drivers/STM32G4xx_HAL_Driver/Src/stm32g4xx_hal_uart_ex.c.obj
START GROUP
LOAD d:/clion_stm32/stm32cude/gun-arm-embedded/bin/../lib/gcc/arm-none-eabi/10.3.1/thumb/v7e-m/nofp\libgcc.a
LOAD d:/clion_stm32/stm32cude/gun-arm-embedded/bin/../lib/gcc/arm-none-eabi/10.3.1/../../../../arm-none-eabi/lib/thumb/v7e-m/nofp\libg.a
LOAD d:/clion_stm32/stm32cude/gun-arm-embedded/bin/../lib/gcc/arm-none-eabi/10.3.1/../../../../arm-none-eabi/lib/thumb/v7e-m/nofp\libc.a
END GROUP
LOAD d:/clion_stm32/stm32cude/gun-arm-embedded/bin/../lib/gcc/arm-none-eabi/10.3.1/thumb/v7e-m/nofp/crtend.o
LOAD d:/clion_stm32/stm32cude/gun-arm-embedded/bin/../lib/gcc/arm-none-eabi/10.3.1/thumb/v7e-m/nofp/crtn.o
                0x20020000                _estack = (ORIGIN (RAM) + LENGTH (RAM))
                0x00000200                _Min_Heap_Size = 0x200
                0x00000400                _Min_Stack_Size = 0x400

.isr_vector     0x08000000      0x1d8
                0x08000000                . = ALIGN (0x4)
 *(.isr_vector)
 .isr_vector    0x08000000      0x1d8 CMakeFiles/TaskCreateAndDelete.elf.dir/Core/Startup/startup_stm32g474retx.s.obj
                0x08000000                g_pfnVectors
                0x080001d8                . = ALIGN (0x4)

.text           0x080001d8     0x1f40
                0x080001d8                . = ALIGN (0x4)
 *(.text)
 .text          0x080001d8       0x40 d:/clion_stm32/stm32cude/gun-arm-embedded/bin/../lib/gcc/arm-none-eabi/10.3.1/thumb/v7e-m/nofp/crtbegin.o
 .text          0x08000218       0x30 d:/clion_stm32/stm32cude/gun-arm-embedded/bin/../lib/gcc/arm-none-eabi/10.3.1/thumb/v7e-m/nofp\libgcc.a(_aeabi_uldivmod.o)
                0x08000218                __aeabi_uldivmod
 .text          0x08000248      0x2d0 d:/clion_stm32/stm32cude/gun-arm-embedded/bin/../lib/gcc/arm-none-eabi/10.3.1/thumb/v7e-m/nofp\libgcc.a(_udivmoddi4.o)
                0x08000248                __udivmoddi4
 .text          0x08000518        0x4 d:/clion_stm32/stm32cude/gun-arm-embedded/bin/../lib/gcc/arm-none-eabi/10.3.1/thumb/v7e-m/nofp\libgcc.a(_dvmd_tls.o)
                0x08000518                __aeabi_idiv0
                0x08000518                __aeabi_ldiv0
 *(.text*)
 .text.MX_GPIO_Init
                0x0800051c       0xb0 CMakeFiles/TaskCreateAndDelete.elf.dir/Core/Src/gpio.c.obj
                0x0800051c                MX_GPIO_Init
 .text.Error_Handler
                0x080005cc        0x4 CMakeFiles/TaskCreateAndDelete.elf.dir/Core/Src/main.c.obj
                0x080005cc                Error_Handler
 .text.SystemClock_Config
                0x080005d0       0x70 CMakeFiles/TaskCreateAndDelete.elf.dir/Core/Src/main.c.obj
                0x080005d0                SystemClock_Config
 .text.main     0x08000640       0x14 CMakeFiles/TaskCreateAndDelete.elf.dir/Core/Src/main.c.obj
                0x08000640                main
 .text.HAL_MspInit
                0x08000654       0x38 CMakeFiles/TaskCreateAndDelete.elf.dir/Core/Src/stm32g4xx_hal_msp.c.obj
                0x08000654                HAL_MspInit
 .text.NMI_Handler
                0x0800068c        0x2 CMakeFiles/TaskCreateAndDelete.elf.dir/Core/Src/stm32g4xx_it.c.obj
                0x0800068c                NMI_Handler
 .text.HardFault_Handler
                0x0800068e        0x2 CMakeFiles/TaskCreateAndDelete.elf.dir/Core/Src/stm32g4xx_it.c.obj
                0x0800068e                HardFault_Handler
 .text.MemManage_Handler
                0x08000690        0x2 CMakeFiles/TaskCreateAndDelete.elf.dir/Core/Src/stm32g4xx_it.c.obj
                0x08000690                MemManage_Handler
 .text.BusFault_Handler
                0x08000692        0x2 CMakeFiles/TaskCreateAndDelete.elf.dir/Core/Src/stm32g4xx_it.c.obj
                0x08000692                BusFault_Handler
 .text.UsageFault_Handler
                0x08000694        0x2 CMakeFiles/TaskCreateAndDelete.elf.dir/Core/Src/stm32g4xx_it.c.obj
                0x08000694                UsageFault_Handler
 .text.SVC_Handler
                0x08000696        0x2 CMakeFiles/TaskCreateAndDelete.elf.dir/Core/Src/stm32g4xx_it.c.obj
                0x08000696                SVC_Handler
 .text.DebugMon_Handler
                0x08000698        0x2 CMakeFiles/TaskCreateAndDelete.elf.dir/Core/Src/stm32g4xx_it.c.obj
                0x08000698                DebugMon_Handler
 .text.PendSV_Handler
                0x0800069a        0x2 CMakeFiles/TaskCreateAndDelete.elf.dir/Core/Src/stm32g4xx_it.c.obj
                0x0800069a                PendSV_Handler
 .text.SysTick_Handler
                0x0800069c        0x8 CMakeFiles/TaskCreateAndDelete.elf.dir/Core/Src/stm32g4xx_it.c.obj
                0x0800069c                SysTick_Handler
 .text.EXTI15_10_IRQHandler
                0x080006a4        0xc CMakeFiles/TaskCreateAndDelete.elf.dir/Core/Src/stm32g4xx_it.c.obj
                0x080006a4                EXTI15_10_IRQHandler
 .text.SystemInit
                0x080006b0        0x2 CMakeFiles/TaskCreateAndDelete.elf.dir/Core/Src/system_stm32g4xx.c.obj
                0x080006b0                SystemInit
 *fill*         0x080006b2        0x2 
 .text.MX_LPUART1_UART_Init
                0x080006b4       0x68 CMakeFiles/TaskCreateAndDelete.elf.dir/Core/Src/usart.c.obj
                0x080006b4                MX_LPUART1_UART_Init
 .text.HAL_UART_MspInit
                0x0800071c       0x84 CMakeFiles/TaskCreateAndDelete.elf.dir/Core/Src/usart.c.obj
                0x0800071c                HAL_UART_MspInit
 .text.Reset_Handler
                0x080007a0       0x50 CMakeFiles/TaskCreateAndDelete.elf.dir/Core/Startup/startup_stm32g474retx.s.obj
                0x080007a0                Reset_Handler
 .text.Default_Handler
                0x080007f0        0x2 CMakeFiles/TaskCreateAndDelete.elf.dir/Core/Startup/startup_stm32g474retx.s.obj
                0x080007f0                RTC_Alarm_IRQHandler
                0x080007f0                EXTI2_IRQHandler
                0x080007f0                TIM8_TRG_COM_IRQHandler
                0x080007f0                TIM8_CC_IRQHandler
                0x080007f0                HRTIM1_Master_IRQHandler
                0x080007f0                SPI4_IRQHandler
                0x080007f0                FDCAN3_IT0_IRQHandler
                0x080007f0                TIM1_CC_IRQHandler
                0x080007f0                HRTIM1_FLT_IRQHandler
                0x080007f0                HRTIM1_TIMF_IRQHandler
                0x080007f0                USB_HP_IRQHandler
                0x080007f0                CORDIC_IRQHandler
                0x080007f0                HRTIM1_TIMD_IRQHandler
                0x080007f0                DMA2_Channel8_IRQHandler
                0x080007f0                EXTI3_IRQHandler
                0x080007f0                I2C3_ER_IRQHandler
                0x080007f0                EXTI0_IRQHandler
                0x080007f0                I2C2_EV_IRQHandler
                0x080007f0                FPU_IRQHandler
                0x080007f0                FDCAN1_IT1_IRQHandler
                0x080007f0                TIM1_UP_TIM16_IRQHandler
                0x080007f0                ADC1_2_IRQHandler
                0x080007f0                HRTIM1_TIME_IRQHandler
                0x080007f0                SPI1_IRQHandler
                0x080007f0                TIM6_DAC_IRQHandler
                0x080007f0                HRTIM1_TIMC_IRQHandler
                0x080007f0                TIM8_UP_IRQHandler
                0x080007f0                DMA2_Channel2_IRQHandler
                0x080007f0                DMA1_Channel4_IRQHandler
                0x080007f0                TIM20_TRG_COM_IRQHandler
                0x080007f0                USART3_IRQHandler
                0x080007f0                DMA1_Channel7_IRQHandler
                0x080007f0                UART5_IRQHandler
                0x080007f0                ADC3_IRQHandler
                0x080007f0                TIM4_IRQHandler
                0x080007f0                DMA2_Channel1_IRQHandler
                0x080007f0                QUADSPI_IRQHandler
                0x080007f0                I2C1_EV_IRQHandler
                0x080007f0                DMA1_Channel6_IRQHandler
                0x080007f0                UART4_IRQHandler
                0x080007f0                DMA2_Channel4_IRQHandler
                0x080007f0                TIM3_IRQHandler
                0x080007f0                RCC_IRQHandler
                0x080007f0                TIM20_UP_IRQHandler
                0x080007f0                DMA1_Channel1_IRQHandler
                0x080007f0                Default_Handler
                0x080007f0                DMA2_Channel7_IRQHandler
                0x080007f0                RTC_TAMP_LSECSS_IRQHandler
                0x080007f0                FMAC_IRQHandler
                0x080007f0                DMA1_Channel8_IRQHandler
                0x080007f0                HRTIM1_TIMA_IRQHandler
                0x080007f0                TIM7_DAC_IRQHandler
                0x080007f0                FDCAN3_IT1_IRQHandler
                0x080007f0                TIM5_IRQHandler
                0x080007f0                UCPD1_IRQHandler
                0x080007f0                I2C3_EV_IRQHandler
                0x080007f0                EXTI9_5_IRQHandler
                0x080007f0                RTC_WKUP_IRQHandler
                0x080007f0                PVD_PVM_IRQHandler
                0x080007f0                SPI2_IRQHandler
                0x080007f0                ADC5_IRQHandler
                0x080007f0                DMA2_Channel5_IRQHandler
                0x080007f0                CRS_IRQHandler
                0x080007f0                DMA1_Channel5_IRQHandler
                0x080007f0                USB_LP_IRQHandler
                0x080007f0                EXTI4_IRQHandler
                0x080007f0                RNG_IRQHandler
                0x080007f0                HRTIM1_TIMB_IRQHandler
                0x080007f0                TIM1_TRG_COM_TIM17_IRQHandler
                0x080007f0                FDCAN2_IT1_IRQHandler
                0x080007f0                DMA1_Channel3_IRQHandler
                0x080007f0                ADC4_IRQHandler
                0x080007f0                WWDG_IRQHandler
                0x080007f0                I2C4_EV_IRQHandler
                0x080007f0                FDCAN2_IT0_IRQHandler
                0x080007f0                LPUART1_IRQHandler
                0x080007f0                DMA2_Channel6_IRQHandler
                0x080007f0                FDCAN1_IT0_IRQHandler
                0x080007f0                TIM2_IRQHandler
                0x080007f0                COMP7_IRQHandler
                0x080007f0                COMP1_2_3_IRQHandler
                0x080007f0                EXTI1_IRQHandler
                0x080007f0                USART2_IRQHandler
                0x080007f0                COMP4_5_6_IRQHandler
                0x080007f0                TIM20_BRK_IRQHandler
                0x080007f0                I2C2_ER_IRQHandler
                0x080007f0                DMA1_Channel2_IRQHandler
                0x080007f0                TIM8_BRK_IRQHandler
                0x080007f0                FLASH_IRQHandler
                0x080007f0                TIM20_CC_IRQHandler
                0x080007f0                USART1_IRQHandler
                0x080007f0                SPI3_IRQHandler
                0x080007f0                I2C1_ER_IRQHandler
                0x080007f0                FMC_IRQHandler
                0x080007f0                LPTIM1_IRQHandler
                0x080007f0                DMAMUX_OVR_IRQHandler
                0x080007f0                I2C4_ER_IRQHandler
                0x080007f0                USBWakeUp_IRQHandler
                0x080007f0                SAI1_IRQHandler
                0x080007f0                DMA2_Channel3_IRQHandler
                0x080007f0                TIM1_BRK_TIM15_IRQHandler
 *fill*         0x080007f2        0x2 
 .text.HAL_InitTick
                0x080007f4       0x50 CMakeFiles/TaskCreateAndDelete.elf.dir/Drivers/STM32G4xx_HAL_Driver/Src/stm32g4xx_hal.c.obj
                0x080007f4                HAL_InitTick
 .text.HAL_Init
                0x08000844       0x1e CMakeFiles/TaskCreateAndDelete.elf.dir/Drivers/STM32G4xx_HAL_Driver/Src/stm32g4xx_hal.c.obj
                0x08000844                HAL_Init
 *fill*         0x08000862        0x2 
 .text.HAL_IncTick
                0x08000864       0x18 CMakeFiles/TaskCreateAndDelete.elf.dir/Drivers/STM32G4xx_HAL_Driver/Src/stm32g4xx_hal.c.obj
                0x08000864                HAL_IncTick
 .text.HAL_GetTick
                0x0800087c        0xc CMakeFiles/TaskCreateAndDelete.elf.dir/Drivers/STM32G4xx_HAL_Driver/Src/stm32g4xx_hal.c.obj
                0x0800087c                HAL_GetTick
 .text.HAL_NVIC_SetPriorityGrouping
                0x08000888       0x24 CMakeFiles/TaskCreateAndDelete.elf.dir/Drivers/STM32G4xx_HAL_Driver/Src/stm32g4xx_hal_cortex.c.obj
                0x08000888                HAL_NVIC_SetPriorityGrouping
 .text.HAL_NVIC_SetPriority
                0x080008ac       0x70 CMakeFiles/TaskCreateAndDelete.elf.dir/Drivers/STM32G4xx_HAL_Driver/Src/stm32g4xx_hal_cortex.c.obj
                0x080008ac                HAL_NVIC_SetPriority
 .text.HAL_NVIC_EnableIRQ
                0x0800091c       0x1c CMakeFiles/TaskCreateAndDelete.elf.dir/Drivers/STM32G4xx_HAL_Driver/Src/stm32g4xx_hal_cortex.c.obj
                0x0800091c                HAL_NVIC_EnableIRQ
 .text.HAL_SYSTICK_Config
                0x08000938       0x28 CMakeFiles/TaskCreateAndDelete.elf.dir/Drivers/STM32G4xx_HAL_Driver/Src/stm32g4xx_hal_cortex.c.obj
                0x08000938                HAL_SYSTICK_Config
 .text.HAL_GPIO_Init
                0x08000960      0x1dc CMakeFiles/TaskCreateAndDelete.elf.dir/Drivers/STM32G4xx_HAL_Driver/Src/stm32g4xx_hal_gpio.c.obj
                0x08000960                HAL_GPIO_Init
 .text.HAL_GPIO_WritePin
                0x08000b3c        0xa CMakeFiles/TaskCreateAndDelete.elf.dir/Drivers/STM32G4xx_HAL_Driver/Src/stm32g4xx_hal_gpio.c.obj
                0x08000b3c                HAL_GPIO_WritePin
 .text.HAL_GPIO_EXTI_Callback
                0x08000b46        0x2 CMakeFiles/TaskCreateAndDelete.elf.dir/Drivers/STM32G4xx_HAL_Driver/Src/stm32g4xx_hal_gpio.c.obj
                0x08000b46                HAL_GPIO_EXTI_Callback
 .text.HAL_GPIO_EXTI_IRQHandler
                0x08000b48       0x1c CMakeFiles/TaskCreateAndDelete.elf.dir/Drivers/STM32G4xx_HAL_Driver/Src/stm32g4xx_hal_gpio.c.obj
                0x08000b48                HAL_GPIO_EXTI_IRQHandler
 .text.HAL_PWREx_ControlVoltageScaling
                0x08000b64      0x10c CMakeFiles/TaskCreateAndDelete.elf.dir/Drivers/STM32G4xx_HAL_Driver/Src/stm32g4xx_hal_pwr_ex.c.obj
                0x08000b64                HAL_PWREx_ControlVoltageScaling
 .text.HAL_PWREx_DisableUCPDDeadBattery
                0x08000c70       0x10 CMakeFiles/TaskCreateAndDelete.elf.dir/Drivers/STM32G4xx_HAL_Driver/Src/stm32g4xx_hal_pwr_ex.c.obj
                0x08000c70                HAL_PWREx_DisableUCPDDeadBattery
 .text.RCC_GetSysClockFreqFromPLLSource
                0x08000c80       0x58 CMakeFiles/TaskCreateAndDelete.elf.dir/Drivers/STM32G4xx_HAL_Driver/Src/stm32g4xx_hal_rcc.c.obj
 .text.HAL_RCC_OscConfig
                0x08000cd8      0x4e8 CMakeFiles/TaskCreateAndDelete.elf.dir/Drivers/STM32G4xx_HAL_Driver/Src/stm32g4xx_hal_rcc.c.obj
                0x08000cd8                HAL_RCC_OscConfig
 .text.HAL_RCC_GetSysClockFreq
                0x080011c0       0x88 CMakeFiles/TaskCreateAndDelete.elf.dir/Drivers/STM32G4xx_HAL_Driver/Src/stm32g4xx_hal_rcc.c.obj
                0x080011c0                HAL_RCC_GetSysClockFreq
 .text.HAL_RCC_ClockConfig
                0x08001248      0x1f8 CMakeFiles/TaskCreateAndDelete.elf.dir/Drivers/STM32G4xx_HAL_Driver/Src/stm32g4xx_hal_rcc.c.obj
                0x08001248                HAL_RCC_ClockConfig
 .text.HAL_RCC_GetHCLKFreq
                0x08001440        0xc CMakeFiles/TaskCreateAndDelete.elf.dir/Drivers/STM32G4xx_HAL_Driver/Src/stm32g4xx_hal_rcc.c.obj
                0x08001440                HAL_RCC_GetHCLKFreq
 .text.HAL_RCC_GetPCLK1Freq
                0x0800144c       0x24 CMakeFiles/TaskCreateAndDelete.elf.dir/Drivers/STM32G4xx_HAL_Driver/Src/stm32g4xx_hal_rcc.c.obj
                0x0800144c                HAL_RCC_GetPCLK1Freq
 .text.HAL_RCC_GetPCLK2Freq
                0x08001470       0x24 CMakeFiles/TaskCreateAndDelete.elf.dir/Drivers/STM32G4xx_HAL_Driver/Src/stm32g4xx_hal_rcc.c.obj
                0x08001470                HAL_RCC_GetPCLK2Freq
 .text.HAL_RCCEx_PeriphCLKConfig
                0x08001494      0x378 CMakeFiles/TaskCreateAndDelete.elf.dir/Drivers/STM32G4xx_HAL_Driver/Src/stm32g4xx_hal_rcc_ex.c.obj
                0x08001494                HAL_RCCEx_PeriphCLKConfig
 .text.UART_SetConfig
                0x0800180c      0x388 CMakeFiles/TaskCreateAndDelete.elf.dir/Drivers/STM32G4xx_HAL_Driver/Src/stm32g4xx_hal_uart.c.obj
                0x0800180c                UART_SetConfig
 .text.UART_AdvFeatureConfig
                0x08001b94       0xca CMakeFiles/TaskCreateAndDelete.elf.dir/Drivers/STM32G4xx_HAL_Driver/Src/stm32g4xx_hal_uart.c.obj
                0x08001b94                UART_AdvFeatureConfig
 .text.UART_WaitOnFlagUntilTimeout
                0x08001c5e       0xdc CMakeFiles/TaskCreateAndDelete.elf.dir/Drivers/STM32G4xx_HAL_Driver/Src/stm32g4xx_hal_uart.c.obj
                0x08001c5e                UART_WaitOnFlagUntilTimeout
 .text.UART_CheckIdleState
                0x08001d3a       0x74 CMakeFiles/TaskCreateAndDelete.elf.dir/Drivers/STM32G4xx_HAL_Driver/Src/stm32g4xx_hal_uart.c.obj
                0x08001d3a                UART_CheckIdleState
 .text.HAL_UART_Init
                0x08001dae       0x66 CMakeFiles/TaskCreateAndDelete.elf.dir/Drivers/STM32G4xx_HAL_Driver/Src/stm32g4xx_hal_uart.c.obj
                0x08001dae                HAL_UART_Init
 .text.UARTEx_SetNbDataToProcess
                0x08001e14       0x4c CMakeFiles/TaskCreateAndDelete.elf.dir/Drivers/STM32G4xx_HAL_Driver/Src/stm32g4xx_hal_uart_ex.c.obj
 .text.HAL_UARTEx_DisableFifoMode
                0x08001e60       0x3e CMakeFiles/TaskCreateAndDelete.elf.dir/Drivers/STM32G4xx_HAL_Driver/Src/stm32g4xx_hal_uart_ex.c.obj
                0x08001e60                HAL_UARTEx_DisableFifoMode
 .text.HAL_UARTEx_SetTxFifoThreshold
                0x08001e9e       0x4a CMakeFiles/TaskCreateAndDelete.elf.dir/Drivers/STM32G4xx_HAL_Driver/Src/stm32g4xx_hal_uart_ex.c.obj
                0x08001e9e                HAL_UARTEx_SetTxFifoThreshold
 .text.HAL_UARTEx_SetRxFifoThreshold
                0x08001ee8       0x4a CMakeFiles/TaskCreateAndDelete.elf.dir/Drivers/STM32G4xx_HAL_Driver/Src/stm32g4xx_hal_uart_ex.c.obj
                0x08001ee8                HAL_UARTEx_SetRxFifoThreshold
 *fill*         0x08001f32        0x2 
 .text.__libc_init_array
                0x08001f34       0x48 d:/clion_stm32/stm32cude/gun-arm-embedded/bin/../lib/gcc/arm-none-eabi/10.3.1/../../../../arm-none-eabi/lib/thumb/v7e-m/nofp\libg.a(lib_a-init.o)
                0x08001f34                __libc_init_array
 .text.memset   0x08001f7c       0xa4 d:/clion_stm32/stm32cude/gun-arm-embedded/bin/../lib/gcc/arm-none-eabi/10.3.1/../../../../arm-none-eabi/lib/thumb/v7e-m/nofp\libg.a(lib_a-memset.o)
                0x08001f7c                memset
 .text.startup.register_fini
                0x08002020       0x14 d:/clion_stm32/stm32cude/gun-arm-embedded/bin/../lib/gcc/arm-none-eabi/10.3.1/../../../../arm-none-eabi/lib/thumb/v7e-m/nofp\libg.a(lib_a-__call_atexit.o)
 .text.atexit   0x08002034        0xc d:/clion_stm32/stm32cude/gun-arm-embedded/bin/../lib/gcc/arm-none-eabi/10.3.1/../../../../arm-none-eabi/lib/thumb/v7e-m/nofp\libg.a(lib_a-atexit.o)
                0x08002034                atexit
 .text.__libc_fini_array
                0x08002040       0x2c d:/clion_stm32/stm32cude/gun-arm-embedded/bin/../lib/gcc/arm-none-eabi/10.3.1/../../../../arm-none-eabi/lib/thumb/v7e-m/nofp\libg.a(lib_a-fini.o)
                0x08002040                __libc_fini_array
 .text.__retarget_lock_acquire_recursive
                0x0800206c        0x4 d:/clion_stm32/stm32cude/gun-arm-embedded/bin/../lib/gcc/arm-none-eabi/10.3.1/../../../../arm-none-eabi/lib/thumb/v7e-m/nofp\libg.a(lib_a-lock.o)
                0x0800206c                __retarget_lock_acquire_recursive
 .text.__retarget_lock_release_recursive
                0x08002070        0x4 d:/clion_stm32/stm32cude/gun-arm-embedded/bin/../lib/gcc/arm-none-eabi/10.3.1/../../../../arm-none-eabi/lib/thumb/v7e-m/nofp\libg.a(lib_a-lock.o)
                0x08002070                __retarget_lock_release_recursive
 .text.__register_exitproc
                0x08002074       0x8c d:/clion_stm32/stm32cude/gun-arm-embedded/bin/../lib/gcc/arm-none-eabi/10.3.1/../../../../arm-none-eabi/lib/thumb/v7e-m/nofp\libg.a(lib_a-__atexit.o)
                0x08002074                __register_exitproc
 *(.glue_7)
 .glue_7        0x08002100        0x0 linker stubs
 *(.glue_7t)
 .glue_7t       0x08002100        0x0 linker stubs
 *(.eh_frame)
 .eh_frame      0x08002100        0x0 d:/clion_stm32/stm32cude/gun-arm-embedded/bin/../lib/gcc/arm-none-eabi/10.3.1/thumb/v7e-m/nofp/crtbegin.o
 *(.init)
 .init          0x08002100        0x4 d:/clion_stm32/stm32cude/gun-arm-embedded/bin/../lib/gcc/arm-none-eabi/10.3.1/thumb/v7e-m/nofp/crti.o
                0x08002100                _init
 .init          0x08002104        0x8 d:/clion_stm32/stm32cude/gun-arm-embedded/bin/../lib/gcc/arm-none-eabi/10.3.1/thumb/v7e-m/nofp/crtn.o
 *(.fini)
 .fini          0x0800210c        0x4 d:/clion_stm32/stm32cude/gun-arm-embedded/bin/../lib/gcc/arm-none-eabi/10.3.1/thumb/v7e-m/nofp/crti.o
                0x0800210c                _fini
 .fini          0x08002110        0x8 d:/clion_stm32/stm32cude/gun-arm-embedded/bin/../lib/gcc/arm-none-eabi/10.3.1/thumb/v7e-m/nofp/crtn.o
                0x08002118                . = ALIGN (0x4)
                0x08002118                _etext = .

.vfp11_veneer   0x08002118        0x0
 .vfp11_veneer  0x08002118        0x0 linker stubs

.v4_bx          0x08002118        0x0
 .v4_bx         0x08002118        0x0 linker stubs

.iplt           0x08002118        0x0
 .iplt          0x08002118        0x0 d:/clion_stm32/stm32cude/gun-arm-embedded/bin/../lib/gcc/arm-none-eabi/10.3.1/thumb/v7e-m/nofp/crtbegin.o

.rodata         0x08002118       0x44
                0x08002118                . = ALIGN (0x4)
 *(.rodata)
 *(.rodata*)
 .rodata.AHBPrescTable
                0x08002118       0x10 CMakeFiles/TaskCreateAndDelete.elf.dir/Core/Src/system_stm32g4xx.c.obj
                0x08002118                AHBPrescTable
 .rodata.APBPrescTable
                0x08002128        0x8 CMakeFiles/TaskCreateAndDelete.elf.dir/Core/Src/system_stm32g4xx.c.obj
                0x08002128                APBPrescTable
 .rodata.UARTPrescTable
                0x08002130       0x18 CMakeFiles/TaskCreateAndDelete.elf.dir/Drivers/STM32G4xx_HAL_Driver/Src/stm32g4xx_hal_uart.c.obj
                0x08002130                UARTPrescTable
 .rodata.denominator.0
                0x08002148        0x8 CMakeFiles/TaskCreateAndDelete.elf.dir/Drivers/STM32G4xx_HAL_Driver/Src/stm32g4xx_hal_uart_ex.c.obj
 .rodata.numerator.1
                0x08002150        0x8 CMakeFiles/TaskCreateAndDelete.elf.dir/Drivers/STM32G4xx_HAL_Driver/Src/stm32g4xx_hal_uart_ex.c.obj
 .rodata._global_impure_ptr
                0x08002158        0x4 d:/clion_stm32/stm32cude/gun-arm-embedded/bin/../lib/gcc/arm-none-eabi/10.3.1/../../../../arm-none-eabi/lib/thumb/v7e-m/nofp\libg.a(lib_a-impure.o)
                0x08002158                _global_impure_ptr
                0x0800215c                . = ALIGN (0x4)

.ARM.extab      0x0800215c        0x0
                0x0800215c                . = ALIGN (0x4)
 *(.ARM.extab* .gnu.linkonce.armextab.*)
                0x0800215c                . = ALIGN (0x4)

.ARM            0x0800215c        0x8
                0x0800215c                . = ALIGN (0x4)
                0x0800215c                __exidx_start = .
 *(.ARM.exidx*)
 .ARM.exidx     0x0800215c        0x8 d:/clion_stm32/stm32cude/gun-arm-embedded/bin/../lib/gcc/arm-none-eabi/10.3.1/thumb/v7e-m/nofp\libgcc.a(_udivmoddi4.o)
                0x08002164                __exidx_end = .
                0x08002164                . = ALIGN (0x4)

.rel.dyn        0x08002164        0x0
 .rel.iplt      0x08002164        0x0 d:/clion_stm32/stm32cude/gun-arm-embedded/bin/../lib/gcc/arm-none-eabi/10.3.1/thumb/v7e-m/nofp/crtbegin.o

.preinit_array  0x08002164        0x0
                0x08002164                . = ALIGN (0x4)
                0x08002164                PROVIDE (__preinit_array_start = .)
 *(.preinit_array*)
                0x08002164                PROVIDE (__preinit_array_end = .)
                0x08002164                . = ALIGN (0x4)

.init_array     0x08002164        0x8
                0x08002164                . = ALIGN (0x4)
                0x08002164                PROVIDE (__init_array_start = .)
 *(SORT_BY_NAME(.init_array.*))
 .init_array.00000
                0x08002164        0x4 d:/clion_stm32/stm32cude/gun-arm-embedded/bin/../lib/gcc/arm-none-eabi/10.3.1/../../../../arm-none-eabi/lib/thumb/v7e-m/nofp\libg.a(lib_a-__call_atexit.o)
 *(.init_array*)
 .init_array    0x08002168        0x4 d:/clion_stm32/stm32cude/gun-arm-embedded/bin/../lib/gcc/arm-none-eabi/10.3.1/thumb/v7e-m/nofp/crtbegin.o
                0x0800216c                PROVIDE (__init_array_end = .)
                0x0800216c                . = ALIGN (0x4)

.fini_array     0x0800216c        0x4
                0x0800216c                . = ALIGN (0x4)
                0x0800216c                PROVIDE (__fini_array_start = .)
 *(SORT_BY_NAME(.fini_array.*))
 *(.fini_array*)
 .fini_array    0x0800216c        0x4 d:/clion_stm32/stm32cude/gun-arm-embedded/bin/../lib/gcc/arm-none-eabi/10.3.1/thumb/v7e-m/nofp/crtbegin.o
                0x08002170                PROVIDE (__fini_array_end = .)
                0x08002170                . = ALIGN (0x4)
                0x08002170                _sidata = LOADADDR (.data)

.data           0x20000000      0x43c load address 0x08002170
                0x20000000                . = ALIGN (0x4)
                0x20000000                _sdata = .
 *(.data)
 *(.data*)
 .data.SystemCoreClock
                0x20000000        0x4 CMakeFiles/TaskCreateAndDelete.elf.dir/Core/Src/system_stm32g4xx.c.obj
                0x20000000                SystemCoreClock
 .data.uwTickFreq
                0x20000004        0x4 CMakeFiles/TaskCreateAndDelete.elf.dir/Drivers/STM32G4xx_HAL_Driver/Src/stm32g4xx_hal.c.obj
                0x20000004                uwTickFreq
 .data.uwTickPrio
                0x20000008        0x4 CMakeFiles/TaskCreateAndDelete.elf.dir/Drivers/STM32G4xx_HAL_Driver/Src/stm32g4xx_hal.c.obj
                0x20000008                uwTickPrio
 *fill*         0x2000000c        0x4 
 .data.impure_data
                0x20000010      0x428 d:/clion_stm32/stm32cude/gun-arm-embedded/bin/../lib/gcc/arm-none-eabi/10.3.1/../../../../arm-none-eabi/lib/thumb/v7e-m/nofp\libg.a(lib_a-impure.o)
 .data.__atexit_recursive_mutex
                0x20000438        0x4 d:/clion_stm32/stm32cude/gun-arm-embedded/bin/../lib/gcc/arm-none-eabi/10.3.1/../../../../arm-none-eabi/lib/thumb/v7e-m/nofp\libg.a(lib_a-__call_atexit.o)
                0x20000438                __atexit_recursive_mutex
 *(.RamFunc)
 *(.RamFunc*)
                0x2000043c                . = ALIGN (0x4)
                0x2000043c                _edata = .

.igot.plt       0x2000043c        0x0 load address 0x080025ac
 .igot.plt      0x2000043c        0x0 d:/clion_stm32/stm32cude/gun-arm-embedded/bin/../lib/gcc/arm-none-eabi/10.3.1/thumb/v7e-m/nofp/crtbegin.o
                0x2000043c                . = ALIGN (0x4)

.bss            0x2000043c       0xb4 load address 0x080025ac
                0x2000043c                _sbss = .
                0x2000043c                __bss_start__ = _sbss
 *(.bss)
 .bss           0x2000043c       0x1c d:/clion_stm32/stm32cude/gun-arm-embedded/bin/../lib/gcc/arm-none-eabi/10.3.1/thumb/v7e-m/nofp/crtbegin.o
 *(.bss*)
 .bss.hlpuart1  0x20000458       0x90 CMakeFiles/TaskCreateAndDelete.elf.dir/Core/Src/usart.c.obj
                0x20000458                hlpuart1
 .bss.uwTick    0x200004e8        0x4 CMakeFiles/TaskCreateAndDelete.elf.dir/Drivers/STM32G4xx_HAL_Driver/Src/stm32g4xx_hal.c.obj
                0x200004e8                uwTick
 .bss.__lock___atexit_recursive_mutex
                0x200004ec        0x1 d:/clion_stm32/stm32cude/gun-arm-embedded/bin/../lib/gcc/arm-none-eabi/10.3.1/../../../../arm-none-eabi/lib/thumb/v7e-m/nofp\libg.a(lib_a-lock.o)
                0x200004ec                __lock___atexit_recursive_mutex
 *(COMMON)
                0x200004f0                . = ALIGN (0x4)
 *fill*         0x200004ed        0x3 
                0x200004f0                _ebss = .
                0x200004f0                __bss_end__ = _ebss

._user_heap_stack
                0x200004f0      0x600 load address 0x080025ac
                0x200004f0                . = ALIGN (0x8)
                [!provide]                PROVIDE (end = .)
                0x200004f0                PROVIDE (_end = .)
                0x200006f0                . = (. + _Min_Heap_Size)
 *fill*         0x200004f0      0x200 
                0x20000af0                . = (. + _Min_Stack_Size)
 *fill*         0x200006f0      0x400 
                0x20000af0                . = ALIGN (0x8)

/DISCARD/
 libc.a(*)
 libm.a(*)
 libgcc.a(*)

.ARM.attributes
                0x00000000       0x2a
 *(.ARM.attributes)
 .ARM.attributes
                0x00000000       0x1e d:/clion_stm32/stm32cude/gun-arm-embedded/bin/../lib/gcc/arm-none-eabi/10.3.1/thumb/v7e-m/nofp/crti.o
 .ARM.attributes
                0x0000001e       0x2e d:/clion_stm32/stm32cude/gun-arm-embedded/bin/../lib/gcc/arm-none-eabi/10.3.1/thumb/v7e-m/nofp/crtbegin.o
 .ARM.attributes
                0x0000004c       0x2e CMakeFiles/TaskCreateAndDelete.elf.dir/Core/Src/gpio.c.obj
 .ARM.attributes
                0x0000007a       0x2e CMakeFiles/TaskCreateAndDelete.elf.dir/Core/Src/main.c.obj
 .ARM.attributes
                0x000000a8       0x2e CMakeFiles/TaskCreateAndDelete.elf.dir/Core/Src/stm32g4xx_hal_msp.c.obj
 .ARM.attributes
                0x000000d6       0x2e CMakeFiles/TaskCreateAndDelete.elf.dir/Core/Src/stm32g4xx_it.c.obj
 .ARM.attributes
                0x00000104       0x2e CMakeFiles/TaskCreateAndDelete.elf.dir/Core/Src/system_stm32g4xx.c.obj
 .ARM.attributes
                0x00000132       0x2e CMakeFiles/TaskCreateAndDelete.elf.dir/Core/Src/usart.c.obj
 .ARM.attributes
                0x00000160       0x21 CMakeFiles/TaskCreateAndDelete.elf.dir/Core/Startup/startup_stm32g474retx.s.obj
 .ARM.attributes
                0x00000181       0x2e CMakeFiles/TaskCreateAndDelete.elf.dir/Drivers/STM32G4xx_HAL_Driver/Src/stm32g4xx_hal.c.obj
 .ARM.attributes
                0x000001af       0x2e CMakeFiles/TaskCreateAndDelete.elf.dir/Drivers/STM32G4xx_HAL_Driver/Src/stm32g4xx_hal_cortex.c.obj
 .ARM.attributes
                0x000001dd       0x2e CMakeFiles/TaskCreateAndDelete.elf.dir/Drivers/STM32G4xx_HAL_Driver/Src/stm32g4xx_hal_gpio.c.obj
 .ARM.attributes
                0x0000020b       0x2e CMakeFiles/TaskCreateAndDelete.elf.dir/Drivers/STM32G4xx_HAL_Driver/Src/stm32g4xx_hal_pwr_ex.c.obj
 .ARM.attributes
                0x00000239       0x2e CMakeFiles/TaskCreateAndDelete.elf.dir/Drivers/STM32G4xx_HAL_Driver/Src/stm32g4xx_hal_rcc.c.obj
 .ARM.attributes
                0x00000267       0x2e CMakeFiles/TaskCreateAndDelete.elf.dir/Drivers/STM32G4xx_HAL_Driver/Src/stm32g4xx_hal_rcc_ex.c.obj
 .ARM.attributes
                0x00000295       0x2e CMakeFiles/TaskCreateAndDelete.elf.dir/Drivers/STM32G4xx_HAL_Driver/Src/stm32g4xx_hal_uart.c.obj
 .ARM.attributes
                0x000002c3       0x2e CMakeFiles/TaskCreateAndDelete.elf.dir/Drivers/STM32G4xx_HAL_Driver/Src/stm32g4xx_hal_uart_ex.c.obj
 .ARM.attributes
                0x000002f1       0x1e d:/clion_stm32/stm32cude/gun-arm-embedded/bin/../lib/gcc/arm-none-eabi/10.3.1/thumb/v7e-m/nofp\libgcc.a(_aeabi_uldivmod.o)
 .ARM.attributes
                0x0000030f       0x2e d:/clion_stm32/stm32cude/gun-arm-embedded/bin/../lib/gcc/arm-none-eabi/10.3.1/thumb/v7e-m/nofp\libgcc.a(_udivmoddi4.o)
 .ARM.attributes
                0x0000033d       0x1e d:/clion_stm32/stm32cude/gun-arm-embedded/bin/../lib/gcc/arm-none-eabi/10.3.1/thumb/v7e-m/nofp\libgcc.a(_dvmd_tls.o)
 .ARM.attributes
                0x0000035b       0x2e d:/clion_stm32/stm32cude/gun-arm-embedded/bin/../lib/gcc/arm-none-eabi/10.3.1/../../../../arm-none-eabi/lib/thumb/v7e-m/nofp\libg.a(lib_a-impure.o)
 .ARM.attributes
                0x00000389       0x2e d:/clion_stm32/stm32cude/gun-arm-embedded/bin/../lib/gcc/arm-none-eabi/10.3.1/../../../../arm-none-eabi/lib/thumb/v7e-m/nofp\libg.a(lib_a-init.o)
 .ARM.attributes
                0x000003b7       0x2e d:/clion_stm32/stm32cude/gun-arm-embedded/bin/../lib/gcc/arm-none-eabi/10.3.1/../../../../arm-none-eabi/lib/thumb/v7e-m/nofp\libg.a(lib_a-memset.o)
 .ARM.attributes
                0x000003e5       0x2e d:/clion_stm32/stm32cude/gun-arm-embedded/bin/../lib/gcc/arm-none-eabi/10.3.1/../../../../arm-none-eabi/lib/thumb/v7e-m/nofp\libg.a(lib_a-__call_atexit.o)
 .ARM.attributes
                0x00000413       0x2e d:/clion_stm32/stm32cude/gun-arm-embedded/bin/../lib/gcc/arm-none-eabi/10.3.1/../../../../arm-none-eabi/lib/thumb/v7e-m/nofp\libg.a(lib_a-atexit.o)
 .ARM.attributes
                0x00000441       0x2e d:/clion_stm32/stm32cude/gun-arm-embedded/bin/../lib/gcc/arm-none-eabi/10.3.1/../../../../arm-none-eabi/lib/thumb/v7e-m/nofp\libg.a(lib_a-fini.o)
 .ARM.attributes
                0x0000046f       0x2e d:/clion_stm32/stm32cude/gun-arm-embedded/bin/../lib/gcc/arm-none-eabi/10.3.1/../../../../arm-none-eabi/lib/thumb/v7e-m/nofp\libg.a(lib_a-lock.o)
 .ARM.attributes
                0x0000049d       0x2e d:/clion_stm32/stm32cude/gun-arm-embedded/bin/../lib/gcc/arm-none-eabi/10.3.1/../../../../arm-none-eabi/lib/thumb/v7e-m/nofp\libg.a(lib_a-__atexit.o)
 .ARM.attributes
                0x000004cb       0x1e d:/clion_stm32/stm32cude/gun-arm-embedded/bin/../lib/gcc/arm-none-eabi/10.3.1/thumb/v7e-m/nofp/crtn.o
OUTPUT(TaskCreateAndDelete.elf elf32-littlearm)
LOAD linker stubs
LOAD d:/clion_stm32/stm32cude/gun-arm-embedded/bin/../lib/gcc/arm-none-eabi/10.3.1/../../../../arm-none-eabi/lib/thumb/v7e-m/nofp\libc.a
LOAD d:/clion_stm32/stm32cude/gun-arm-embedded/bin/../lib/gcc/arm-none-eabi/10.3.1/../../../../arm-none-eabi/lib/thumb/v7e-m/nofp\libm.a
LOAD d:/clion_stm32/stm32cude/gun-arm-embedded/bin/../lib/gcc/arm-none-eabi/10.3.1/thumb/v7e-m/nofp\libgcc.a

.debug_info     0x00000000     0xe4b8
 .debug_info    0x00000000      0x814 CMakeFiles/TaskCreateAndDelete.elf.dir/Core/Src/gpio.c.obj
 .debug_info    0x00000814      0x36b CMakeFiles/TaskCreateAndDelete.elf.dir/Core/Src/main.c.obj
 .debug_info    0x00000b7f      0x33e CMakeFiles/TaskCreateAndDelete.elf.dir/Core/Src/stm32g4xx_hal_msp.c.obj
 .debug_info    0x00000ebd      0x17d CMakeFiles/TaskCreateAndDelete.elf.dir/Core/Src/stm32g4xx_it.c.obj
 .debug_info    0x0000103a      0x3f9 CMakeFiles/TaskCreateAndDelete.elf.dir/Core/Src/system_stm32g4xx.c.obj
 .debug_info    0x00001433      0xe83 CMakeFiles/TaskCreateAndDelete.elf.dir/Core/Src/usart.c.obj
 .debug_info    0x000022b6       0x22 CMakeFiles/TaskCreateAndDelete.elf.dir/Core/Startup/startup_stm32g474retx.s.obj
 .debug_info    0x000022d8      0xc2d CMakeFiles/TaskCreateAndDelete.elf.dir/Drivers/STM32G4xx_HAL_Driver/Src/stm32g4xx_hal.c.obj
 .debug_info    0x00002f05     0x10fb CMakeFiles/TaskCreateAndDelete.elf.dir/Drivers/STM32G4xx_HAL_Driver/Src/stm32g4xx_hal_cortex.c.obj
 .debug_info    0x00004000      0x865 CMakeFiles/TaskCreateAndDelete.elf.dir/Drivers/STM32G4xx_HAL_Driver/Src/stm32g4xx_hal_gpio.c.obj
 .debug_info    0x00004865      0xa07 CMakeFiles/TaskCreateAndDelete.elf.dir/Drivers/STM32G4xx_HAL_Driver/Src/stm32g4xx_hal_pwr_ex.c.obj
 .debug_info    0x0000526c      0xefa CMakeFiles/TaskCreateAndDelete.elf.dir/Drivers/STM32G4xx_HAL_Driver/Src/stm32g4xx_hal_rcc.c.obj
 .debug_info    0x00006166      0xf39 CMakeFiles/TaskCreateAndDelete.elf.dir/Drivers/STM32G4xx_HAL_Driver/Src/stm32g4xx_hal_rcc_ex.c.obj
 .debug_info    0x0000709f     0x61e5 CMakeFiles/TaskCreateAndDelete.elf.dir/Drivers/STM32G4xx_HAL_Driver/Src/stm32g4xx_hal_uart.c.obj
 .debug_info    0x0000d284     0x1234 CMakeFiles/TaskCreateAndDelete.elf.dir/Drivers/STM32G4xx_HAL_Driver/Src/stm32g4xx_hal_uart_ex.c.obj

.debug_abbrev   0x00000000     0x1ba3
 .debug_abbrev  0x00000000      0x157 CMakeFiles/TaskCreateAndDelete.elf.dir/Core/Src/gpio.c.obj
 .debug_abbrev  0x00000157      0x153 CMakeFiles/TaskCreateAndDelete.elf.dir/Core/Src/main.c.obj
 .debug_abbrev  0x000002aa       0xd6 CMakeFiles/TaskCreateAndDelete.elf.dir/Core/Src/stm32g4xx_hal_msp.c.obj
 .debug_abbrev  0x00000380       0xa4 CMakeFiles/TaskCreateAndDelete.elf.dir/Core/Src/stm32g4xx_it.c.obj
 .debug_abbrev  0x00000424      0x119 CMakeFiles/TaskCreateAndDelete.elf.dir/Core/Src/system_stm32g4xx.c.obj
 .debug_abbrev  0x0000053d      0x1eb CMakeFiles/TaskCreateAndDelete.elf.dir/Core/Src/usart.c.obj
 .debug_abbrev  0x00000728       0x12 CMakeFiles/TaskCreateAndDelete.elf.dir/Core/Startup/startup_stm32g474retx.s.obj
 .debug_abbrev  0x0000073a      0x23e CMakeFiles/TaskCreateAndDelete.elf.dir/Drivers/STM32G4xx_HAL_Driver/Src/stm32g4xx_hal.c.obj
 .debug_abbrev  0x00000978      0x361 CMakeFiles/TaskCreateAndDelete.elf.dir/Drivers/STM32G4xx_HAL_Driver/Src/stm32g4xx_hal_cortex.c.obj
 .debug_abbrev  0x00000cd9      0x1e6 CMakeFiles/TaskCreateAndDelete.elf.dir/Drivers/STM32G4xx_HAL_Driver/Src/stm32g4xx_hal_gpio.c.obj
 .debug_abbrev  0x00000ebf      0x245 CMakeFiles/TaskCreateAndDelete.elf.dir/Drivers/STM32G4xx_HAL_Driver/Src/stm32g4xx_hal_pwr_ex.c.obj
 .debug_abbrev  0x00001104      0x26f CMakeFiles/TaskCreateAndDelete.elf.dir/Drivers/STM32G4xx_HAL_Driver/Src/stm32g4xx_hal_rcc.c.obj
 .debug_abbrev  0x00001373      0x243 CMakeFiles/TaskCreateAndDelete.elf.dir/Drivers/STM32G4xx_HAL_Driver/Src/stm32g4xx_hal_rcc_ex.c.obj
 .debug_abbrev  0x000015b6      0x306 CMakeFiles/TaskCreateAndDelete.elf.dir/Drivers/STM32G4xx_HAL_Driver/Src/stm32g4xx_hal_uart.c.obj
 .debug_abbrev  0x000018bc      0x2e7 CMakeFiles/TaskCreateAndDelete.elf.dir/Drivers/STM32G4xx_HAL_Driver/Src/stm32g4xx_hal_uart_ex.c.obj

.debug_aranges  0x00000000      0x8f8
 .debug_aranges
                0x00000000       0x20 CMakeFiles/TaskCreateAndDelete.elf.dir/Core/Src/gpio.c.obj
 .debug_aranges
                0x00000020       0x30 CMakeFiles/TaskCreateAndDelete.elf.dir/Core/Src/main.c.obj
 .debug_aranges
                0x00000050       0x20 CMakeFiles/TaskCreateAndDelete.elf.dir/Core/Src/stm32g4xx_hal_msp.c.obj
 .debug_aranges
                0x00000070       0x68 CMakeFiles/TaskCreateAndDelete.elf.dir/Core/Src/stm32g4xx_it.c.obj
 .debug_aranges
                0x000000d8       0x28 CMakeFiles/TaskCreateAndDelete.elf.dir/Core/Src/system_stm32g4xx.c.obj
 .debug_aranges
                0x00000100       0x30 CMakeFiles/TaskCreateAndDelete.elf.dir/Core/Src/usart.c.obj
 .debug_aranges
                0x00000130       0x28 CMakeFiles/TaskCreateAndDelete.elf.dir/Core/Startup/startup_stm32g474retx.s.obj
 .debug_aranges
                0x00000158      0x130 CMakeFiles/TaskCreateAndDelete.elf.dir/Drivers/STM32G4xx_HAL_Driver/Src/stm32g4xx_hal.c.obj
 .debug_aranges
                0x00000288       0xa8 CMakeFiles/TaskCreateAndDelete.elf.dir/Drivers/STM32G4xx_HAL_Driver/Src/stm32g4xx_hal_cortex.c.obj
 .debug_aranges
                0x00000330       0x58 CMakeFiles/TaskCreateAndDelete.elf.dir/Drivers/STM32G4xx_HAL_Driver/Src/stm32g4xx_hal_gpio.c.obj
 .debug_aranges
                0x00000388      0x140 CMakeFiles/TaskCreateAndDelete.elf.dir/Drivers/STM32G4xx_HAL_Driver/Src/stm32g4xx_hal_pwr_ex.c.obj
 .debug_aranges
                0x000004c8       0x98 CMakeFiles/TaskCreateAndDelete.elf.dir/Drivers/STM32G4xx_HAL_Driver/Src/stm32g4xx_hal_rcc.c.obj
 .debug_aranges
                0x00000560       0xb0 CMakeFiles/TaskCreateAndDelete.elf.dir/Drivers/STM32G4xx_HAL_Driver/Src/stm32g4xx_hal_rcc_ex.c.obj
 .debug_aranges
                0x00000610      0x248 CMakeFiles/TaskCreateAndDelete.elf.dir/Drivers/STM32G4xx_HAL_Driver/Src/stm32g4xx_hal_uart.c.obj
 .debug_aranges
                0x00000858       0xa0 CMakeFiles/TaskCreateAndDelete.elf.dir/Drivers/STM32G4xx_HAL_Driver/Src/stm32g4xx_hal_uart_ex.c.obj

.debug_ranges   0x00000000      0x8a0
 .debug_ranges  0x00000000       0x10 CMakeFiles/TaskCreateAndDelete.elf.dir/Core/Src/gpio.c.obj
 .debug_ranges  0x00000010       0x20 CMakeFiles/TaskCreateAndDelete.elf.dir/Core/Src/main.c.obj
 .debug_ranges  0x00000030       0x10 CMakeFiles/TaskCreateAndDelete.elf.dir/Core/Src/stm32g4xx_hal_msp.c.obj
 .debug_ranges  0x00000040       0x58 CMakeFiles/TaskCreateAndDelete.elf.dir/Core/Src/stm32g4xx_it.c.obj
 .debug_ranges  0x00000098       0x18 CMakeFiles/TaskCreateAndDelete.elf.dir/Core/Src/system_stm32g4xx.c.obj
 .debug_ranges  0x000000b0       0x20 CMakeFiles/TaskCreateAndDelete.elf.dir/Core/Src/usart.c.obj
 .debug_ranges  0x000000d0       0x20 CMakeFiles/TaskCreateAndDelete.elf.dir/Core/Startup/startup_stm32g474retx.s.obj
 .debug_ranges  0x000000f0      0x120 CMakeFiles/TaskCreateAndDelete.elf.dir/Drivers/STM32G4xx_HAL_Driver/Src/stm32g4xx_hal.c.obj
 .debug_ranges  0x00000210       0xf8 CMakeFiles/TaskCreateAndDelete.elf.dir/Drivers/STM32G4xx_HAL_Driver/Src/stm32g4xx_hal_cortex.c.obj
 .debug_ranges  0x00000308       0x48 CMakeFiles/TaskCreateAndDelete.elf.dir/Drivers/STM32G4xx_HAL_Driver/Src/stm32g4xx_hal_gpio.c.obj
 .debug_ranges  0x00000350      0x130 CMakeFiles/TaskCreateAndDelete.elf.dir/Drivers/STM32G4xx_HAL_Driver/Src/stm32g4xx_hal_pwr_ex.c.obj
 .debug_ranges  0x00000480       0xa0 CMakeFiles/TaskCreateAndDelete.elf.dir/Drivers/STM32G4xx_HAL_Driver/Src/stm32g4xx_hal_rcc.c.obj
 .debug_ranges  0x00000520       0xb8 CMakeFiles/TaskCreateAndDelete.elf.dir/Drivers/STM32G4xx_HAL_Driver/Src/stm32g4xx_hal_rcc_ex.c.obj
 .debug_ranges  0x000005d8      0x238 CMakeFiles/TaskCreateAndDelete.elf.dir/Drivers/STM32G4xx_HAL_Driver/Src/stm32g4xx_hal_uart.c.obj
 .debug_ranges  0x00000810       0x90 CMakeFiles/TaskCreateAndDelete.elf.dir/Drivers/STM32G4xx_HAL_Driver/Src/stm32g4xx_hal_uart_ex.c.obj

.debug_line     0x00000000     0xc8bf
 .debug_line    0x00000000      0x29c CMakeFiles/TaskCreateAndDelete.elf.dir/Core/Src/gpio.c.obj
 .debug_line    0x0000029c      0x3bf CMakeFiles/TaskCreateAndDelete.elf.dir/Core/Src/main.c.obj
 .debug_line    0x0000065b      0x241 CMakeFiles/TaskCreateAndDelete.elf.dir/Core/Src/stm32g4xx_hal_msp.c.obj
 .debug_line    0x0000089c      0x2d3 CMakeFiles/TaskCreateAndDelete.elf.dir/Core/Src/stm32g4xx_it.c.obj
 .debug_line    0x00000b6f      0x27e CMakeFiles/TaskCreateAndDelete.elf.dir/Core/Src/system_stm32g4xx.c.obj
 .debug_line    0x00000ded      0x450 CMakeFiles/TaskCreateAndDelete.elf.dir/Core/Src/usart.c.obj
 .debug_line    0x0000123d       0xc5 CMakeFiles/TaskCreateAndDelete.elf.dir/Core/Startup/startup_stm32g474retx.s.obj
 .debug_line    0x00001302      0x768 CMakeFiles/TaskCreateAndDelete.elf.dir/Drivers/STM32G4xx_HAL_Driver/Src/stm32g4xx_hal.c.obj
 .debug_line    0x00001a6a      0x848 CMakeFiles/TaskCreateAndDelete.elf.dir/Drivers/STM32G4xx_HAL_Driver/Src/stm32g4xx_hal_cortex.c.obj
 .debug_line    0x000022b2      0x729 CMakeFiles/TaskCreateAndDelete.elf.dir/Drivers/STM32G4xx_HAL_Driver/Src/stm32g4xx_hal_gpio.c.obj
 .debug_line    0x000029db      0xb5b CMakeFiles/TaskCreateAndDelete.elf.dir/Drivers/STM32G4xx_HAL_Driver/Src/stm32g4xx_hal_pwr_ex.c.obj
 .debug_line    0x00003536      0xe8a CMakeFiles/TaskCreateAndDelete.elf.dir/Drivers/STM32G4xx_HAL_Driver/Src/stm32g4xx_hal_rcc.c.obj
 .debug_line    0x000043c0     0x12fc CMakeFiles/TaskCreateAndDelete.elf.dir/Drivers/STM32G4xx_HAL_Driver/Src/stm32g4xx_hal_rcc_ex.c.obj
 .debug_line    0x000056bc     0x6426 CMakeFiles/TaskCreateAndDelete.elf.dir/Drivers/STM32G4xx_HAL_Driver/Src/stm32g4xx_hal_uart.c.obj
 .debug_line    0x0000bae2      0xddd CMakeFiles/TaskCreateAndDelete.elf.dir/Drivers/STM32G4xx_HAL_Driver/Src/stm32g4xx_hal_uart_ex.c.obj

.debug_str      0x00000000     0x38da
 .debug_str     0x00000000      0xa2c CMakeFiles/TaskCreateAndDelete.elf.dir/Core/Src/gpio.c.obj
                                0xa7c (size before relaxing)
 .debug_str     0x00000a2c      0x232 CMakeFiles/TaskCreateAndDelete.elf.dir/Core/Src/main.c.obj
                                0x40a (size before relaxing)
 .debug_str     0x00000c5e       0x89 CMakeFiles/TaskCreateAndDelete.elf.dir/Core/Src/stm32g4xx_hal_msp.c.obj
                                0x39c (size before relaxing)
 .debug_str     0x00000ce7      0x121 CMakeFiles/TaskCreateAndDelete.elf.dir/Core/Src/stm32g4xx_it.c.obj
                                0x2db (size before relaxing)
 .debug_str     0x00000e08       0xcd CMakeFiles/TaskCreateAndDelete.elf.dir/Core/Src/system_stm32g4xx.c.obj
                                0x3e1 (size before relaxing)
 .debug_str     0x00000ed5      0x7a3 CMakeFiles/TaskCreateAndDelete.elf.dir/Core/Src/usart.c.obj
                                0xc09 (size before relaxing)
 .debug_str     0x00001678       0x72 CMakeFiles/TaskCreateAndDelete.elf.dir/Core/Startup/startup_stm32g474retx.s.obj
                                 0xc3 (size before relaxing)
 .debug_str     0x000016ea      0x4b6 CMakeFiles/TaskCreateAndDelete.elf.dir/Drivers/STM32G4xx_HAL_Driver/Src/stm32g4xx_hal.c.obj
                                0xe7c (size before relaxing)
 .debug_str     0x00001ba0      0x4cb CMakeFiles/TaskCreateAndDelete.elf.dir/Drivers/STM32G4xx_HAL_Driver/Src/stm32g4xx_hal_cortex.c.obj
                                0xdcb (size before relaxing)
 .debug_str     0x0000206b      0x142 CMakeFiles/TaskCreateAndDelete.elf.dir/Drivers/STM32G4xx_HAL_Driver/Src/stm32g4xx_hal_gpio.c.obj
                                0x5ae (size before relaxing)
 .debug_str     0x000021ad      0x527 CMakeFiles/TaskCreateAndDelete.elf.dir/Drivers/STM32G4xx_HAL_Driver/Src/stm32g4xx_hal_pwr_ex.c.obj
                                0x850 (size before relaxing)
 .debug_str     0x000026d4      0x2c5 CMakeFiles/TaskCreateAndDelete.elf.dir/Drivers/STM32G4xx_HAL_Driver/Src/stm32g4xx_hal_rcc.c.obj
                                0x8c3 (size before relaxing)
 .debug_str     0x00002999      0x3ba CMakeFiles/TaskCreateAndDelete.elf.dir/Drivers/STM32G4xx_HAL_Driver/Src/stm32g4xx_hal_rcc_ex.c.obj
                                0xad3 (size before relaxing)
 .debug_str     0x00002d53      0x91c CMakeFiles/TaskCreateAndDelete.elf.dir/Drivers/STM32G4xx_HAL_Driver/Src/stm32g4xx_hal_uart.c.obj
                               0x1270 (size before relaxing)
 .debug_str     0x0000366f      0x26b CMakeFiles/TaskCreateAndDelete.elf.dir/Drivers/STM32G4xx_HAL_Driver/Src/stm32g4xx_hal_uart_ex.c.obj
                                0xb7f (size before relaxing)

.comment        0x00000000       0x49
 .comment       0x00000000       0x49 CMakeFiles/TaskCreateAndDelete.elf.dir/Core/Src/gpio.c.obj
                                 0x4a (size before relaxing)
 .comment       0x00000049       0x4a CMakeFiles/TaskCreateAndDelete.elf.dir/Core/Src/main.c.obj
 .comment       0x00000049       0x4a CMakeFiles/TaskCreateAndDelete.elf.dir/Core/Src/stm32g4xx_hal_msp.c.obj
 .comment       0x00000049       0x4a CMakeFiles/TaskCreateAndDelete.elf.dir/Core/Src/stm32g4xx_it.c.obj
 .comment       0x00000049       0x4a CMakeFiles/TaskCreateAndDelete.elf.dir/Core/Src/system_stm32g4xx.c.obj
 .comment       0x00000049       0x4a CMakeFiles/TaskCreateAndDelete.elf.dir/Core/Src/usart.c.obj
 .comment       0x00000049       0x4a CMakeFiles/TaskCreateAndDelete.elf.dir/Drivers/STM32G4xx_HAL_Driver/Src/stm32g4xx_hal.c.obj
 .comment       0x00000049       0x4a CMakeFiles/TaskCreateAndDelete.elf.dir/Drivers/STM32G4xx_HAL_Driver/Src/stm32g4xx_hal_cortex.c.obj
 .comment       0x00000049       0x4a CMakeFiles/TaskCreateAndDelete.elf.dir/Drivers/STM32G4xx_HAL_Driver/Src/stm32g4xx_hal_gpio.c.obj
 .comment       0x00000049       0x4a CMakeFiles/TaskCreateAndDelete.elf.dir/Drivers/STM32G4xx_HAL_Driver/Src/stm32g4xx_hal_pwr_ex.c.obj
 .comment       0x00000049       0x4a CMakeFiles/TaskCreateAndDelete.elf.dir/Drivers/STM32G4xx_HAL_Driver/Src/stm32g4xx_hal_rcc.c.obj
 .comment       0x00000049       0x4a CMakeFiles/TaskCreateAndDelete.elf.dir/Drivers/STM32G4xx_HAL_Driver/Src/stm32g4xx_hal_rcc_ex.c.obj
 .comment       0x00000049       0x4a CMakeFiles/TaskCreateAndDelete.elf.dir/Drivers/STM32G4xx_HAL_Driver/Src/stm32g4xx_hal_uart.c.obj
 .comment       0x00000049       0x4a CMakeFiles/TaskCreateAndDelete.elf.dir/Drivers/STM32G4xx_HAL_Driver/Src/stm32g4xx_hal_uart_ex.c.obj

.debug_frame    0x00000000     0x16c0
 .debug_frame   0x00000000       0x30 CMakeFiles/TaskCreateAndDelete.elf.dir/Core/Src/gpio.c.obj
 .debug_frame   0x00000030       0x58 CMakeFiles/TaskCreateAndDelete.elf.dir/Core/Src/main.c.obj
 .debug_frame   0x00000088       0x2c CMakeFiles/TaskCreateAndDelete.elf.dir/Core/Src/stm32g4xx_hal_msp.c.obj
 .debug_frame   0x000000b4       0xc0 CMakeFiles/TaskCreateAndDelete.elf.dir/Core/Src/stm32g4xx_it.c.obj
 .debug_frame   0x00000174       0x30 CMakeFiles/TaskCreateAndDelete.elf.dir/Core/Src/system_stm32g4xx.c.obj
 .debug_frame   0x000001a4       0x60 CMakeFiles/TaskCreateAndDelete.elf.dir/Core/Src/usart.c.obj
 .debug_frame   0x00000204      0x274 CMakeFiles/TaskCreateAndDelete.elf.dir/Drivers/STM32G4xx_HAL_Driver/Src/stm32g4xx_hal.c.obj
 .debug_frame   0x00000478      0x148 CMakeFiles/TaskCreateAndDelete.elf.dir/Drivers/STM32G4xx_HAL_Driver/Src/stm32g4xx_hal_cortex.c.obj
 .debug_frame   0x000005c0       0xd0 CMakeFiles/TaskCreateAndDelete.elf.dir/Drivers/STM32G4xx_HAL_Driver/Src/stm32g4xx_hal_gpio.c.obj
 .debug_frame   0x00000690      0x268 CMakeFiles/TaskCreateAndDelete.elf.dir/Drivers/STM32G4xx_HAL_Driver/Src/stm32g4xx_hal_pwr_ex.c.obj
 .debug_frame   0x000008f8      0x198 CMakeFiles/TaskCreateAndDelete.elf.dir/Drivers/STM32G4xx_HAL_Driver/Src/stm32g4xx_hal_rcc.c.obj
 .debug_frame   0x00000a90      0x1a0 CMakeFiles/TaskCreateAndDelete.elf.dir/Drivers/STM32G4xx_HAL_Driver/Src/stm32g4xx_hal_rcc_ex.c.obj
 .debug_frame   0x00000c30      0x67c CMakeFiles/TaskCreateAndDelete.elf.dir/Drivers/STM32G4xx_HAL_Driver/Src/stm32g4xx_hal_uart.c.obj
 .debug_frame   0x000012ac      0x1c8 CMakeFiles/TaskCreateAndDelete.elf.dir/Drivers/STM32G4xx_HAL_Driver/Src/stm32g4xx_hal_uart_ex.c.obj
 .debug_frame   0x00001474       0x2c d:/clion_stm32/stm32cude/gun-arm-embedded/bin/../lib/gcc/arm-none-eabi/10.3.1/thumb/v7e-m/nofp\libgcc.a(_aeabi_uldivmod.o)
 .debug_frame   0x000014a0       0x34 d:/clion_stm32/stm32cude/gun-arm-embedded/bin/../lib/gcc/arm-none-eabi/10.3.1/thumb/v7e-m/nofp\libgcc.a(_udivmoddi4.o)
 .debug_frame   0x000014d4       0x2c d:/clion_stm32/stm32cude/gun-arm-embedded/bin/../lib/gcc/arm-none-eabi/10.3.1/../../../../arm-none-eabi/lib/thumb/v7e-m/nofp\libg.a(lib_a-init.o)
 .debug_frame   0x00001500       0x2c d:/clion_stm32/stm32cude/gun-arm-embedded/bin/../lib/gcc/arm-none-eabi/10.3.1/../../../../arm-none-eabi/lib/thumb/v7e-m/nofp\libg.a(lib_a-memset.o)
 .debug_frame   0x0000152c       0x5c d:/clion_stm32/stm32cude/gun-arm-embedded/bin/../lib/gcc/arm-none-eabi/10.3.1/../../../../arm-none-eabi/lib/thumb/v7e-m/nofp\libg.a(lib_a-__call_atexit.o)
 .debug_frame   0x00001588       0x20 d:/clion_stm32/stm32cude/gun-arm-embedded/bin/../lib/gcc/arm-none-eabi/10.3.1/../../../../arm-none-eabi/lib/thumb/v7e-m/nofp\libg.a(lib_a-atexit.o)
 .debug_frame   0x000015a8       0x34 d:/clion_stm32/stm32cude/gun-arm-embedded/bin/../lib/gcc/arm-none-eabi/10.3.1/../../../../arm-none-eabi/lib/thumb/v7e-m/nofp\libg.a(lib_a-fini.o)
 .debug_frame   0x000015dc       0xb0 d:/clion_stm32/stm32cude/gun-arm-embedded/bin/../lib/gcc/arm-none-eabi/10.3.1/../../../../arm-none-eabi/lib/thumb/v7e-m/nofp\libg.a(lib_a-lock.o)
 .debug_frame   0x0000168c       0x34 d:/clion_stm32/stm32cude/gun-arm-embedded/bin/../lib/gcc/arm-none-eabi/10.3.1/../../../../arm-none-eabi/lib/thumb/v7e-m/nofp\libg.a(lib_a-__atexit.o)

.debug_loc      0x00000000     0x9d9b
 .debug_loc     0x00000000       0x9d CMakeFiles/TaskCreateAndDelete.elf.dir/Core/Src/system_stm32g4xx.c.obj
 .debug_loc     0x0000009d       0x64 CMakeFiles/TaskCreateAndDelete.elf.dir/Core/Src/usart.c.obj
 .debug_loc     0x00000101      0x1ef CMakeFiles/TaskCreateAndDelete.elf.dir/Drivers/STM32G4xx_HAL_Driver/Src/stm32g4xx_hal.c.obj
 .debug_loc     0x000002f0      0x736 CMakeFiles/TaskCreateAndDelete.elf.dir/Drivers/STM32G4xx_HAL_Driver/Src/stm32g4xx_hal_cortex.c.obj
 .debug_loc     0x00000a26      0x3b3 CMakeFiles/TaskCreateAndDelete.elf.dir/Drivers/STM32G4xx_HAL_Driver/Src/stm32g4xx_hal_gpio.c.obj
 .debug_loc     0x00000dd9      0xa23 CMakeFiles/TaskCreateAndDelete.elf.dir/Drivers/STM32G4xx_HAL_Driver/Src/stm32g4xx_hal_pwr_ex.c.obj
 .debug_loc     0x000017fc      0x84d CMakeFiles/TaskCreateAndDelete.elf.dir/Drivers/STM32G4xx_HAL_Driver/Src/stm32g4xx_hal_rcc.c.obj
 .debug_loc     0x00002049     0x1523 CMakeFiles/TaskCreateAndDelete.elf.dir/Drivers/STM32G4xx_HAL_Driver/Src/stm32g4xx_hal_rcc_ex.c.obj
 .debug_loc     0x0000356c     0x5bec CMakeFiles/TaskCreateAndDelete.elf.dir/Drivers/STM32G4xx_HAL_Driver/Src/stm32g4xx_hal_uart.c.obj
 .debug_loc     0x00009158      0xc43 CMakeFiles/TaskCreateAndDelete.elf.dir/Drivers/STM32G4xx_HAL_Driver/Src/stm32g4xx_hal_uart_ex.c.obj
